// Jest Snapshot v1, https://goo.gl/fbAQLP

exports[`CardCompnent ==> Test UI   CardCompnent : should render correctly 1`] = `ShallowWrapper {}`;
