// Jest Snapshot v1, https://goo.gl/fbAQLP

exports[`ErrorPageComponent ==> UI   MultiListComponent : should render correctly 1`] = `ShallowWrapper {}`;
